2025-11-15 11:08:22 INFO  AutomationLog - Navigated to URL: https://www.saucedemo.com/
2025-11-15 11:08:22 INFO  AutomationLog - Starting Sauce Labs Login Test
2025-11-15 11:08:23 INFO  AutomationLog - Entering username
2025-11-15 11:08:25 INFO  AutomationLog - Entering password
2025-11-15 11:08:26 INFO  AutomationLog - Clicking login button
2025-11-15 11:08:30 INFO  AutomationLog - Login successful
2025-11-15 11:08:30 INFO  AutomationLog - Browser closed
2025-11-15 11:18:43 INFO  AutomationLog - ===== Test Suite Started =====
2025-11-15 11:18:55 INFO  AutomationLog - Navigated to URL: https://www.saucedemo.com/
2025-11-15 11:18:55 INFO  AutomationLog - ===== Starting Test: loginTest =====
2025-11-15 11:18:55 INFO  AutomationLog - Starting Sauce Labs Login Test
2025-11-15 11:18:56 INFO  AutomationLog - Entering username
2025-11-15 11:18:58 INFO  AutomationLog - Entering password
2025-11-15 11:18:59 INFO  AutomationLog - Clicking login button
2025-11-15 11:19:03 ERROR AutomationLog - Test failed: loginTest
2025-11-15 11:19:03 INFO  AutomationLog - Browser closed
2025-11-15 11:19:04 INFO  AutomationLog - ===== Test Suite Finished =====
2025-11-15 12:45:13 INFO  AutomationLog - ===== Test Suite Started =====
2025-11-15 12:45:25 INFO  AutomationLog - Navigated to URL: https://www.saucedemo.com/
2025-11-15 12:45:25 INFO  AutomationLog - ===== Starting Test: loginTest =====
2025-11-15 12:45:26 INFO  AutomationLog - Starting Sauce Labs Login Test
2025-11-15 12:45:26 INFO  AutomationLog - Entering username
2025-11-15 12:45:29 INFO  AutomationLog - Entering password
2025-11-15 12:45:30 INFO  AutomationLog - Clicking login button
2025-11-15 12:45:34 ERROR AutomationLog - Test failed: loginTest
2025-11-15 12:45:34 INFO  AutomationLog - Browser closed
2025-11-15 12:45:35 INFO  AutomationLog - ===== Test Suite Finished =====
2025-11-15 12:50:18 INFO  AutomationLog - ===== Test Suite Started =====
2025-11-15 12:50:30 INFO  AutomationLog - Navigated to URL: https://www.saucedemo.com/
2025-11-15 12:50:30 INFO  AutomationLog - ===== Starting Test: loginTest =====
2025-11-15 12:50:30 INFO  AutomationLog - Starting Sauce Labs Login Test
2025-11-15 12:50:31 INFO  AutomationLog - Entering username
2025-11-15 12:50:34 INFO  AutomationLog - Entering password
2025-11-15 12:50:35 INFO  AutomationLog - Clicking login button
2025-11-15 12:50:38 INFO  AutomationLog - Login successful
2025-11-15 12:50:38 INFO  AutomationLog - Browser closed
2025-11-15 12:50:39 INFO  AutomationLog - ===== Test Suite Finished =====
2025-11-15 12:51:27 INFO  AutomationLog - ===== Test Suite Started =====
2025-11-15 12:51:37 INFO  AutomationLog - Navigated to URL: https://www.saucedemo.com/
2025-11-15 12:51:37 INFO  AutomationLog - ===== Starting Test: loginTest =====
2025-11-15 12:51:37 INFO  AutomationLog - Starting Sauce Labs Login Test
2025-11-15 12:51:38 INFO  AutomationLog - Entering username
2025-11-15 12:51:40 INFO  AutomationLog - Entering password
2025-11-15 12:51:41 INFO  AutomationLog - Clicking login button
2025-11-15 12:51:45 INFO  AutomationLog - Login successful
2025-11-15 12:51:45 INFO  AutomationLog - Browser closed
2025-11-15 12:51:45 INFO  AutomationLog - ===== Test Suite Finished =====
2025-11-20 08:39:15 INFO  AutomationLog - ===== Test Suite Started =====
2025-11-20 08:39:25 INFO  AutomationLog - Navigated to URL: https://www.saucedemo.com/
2025-11-20 08:39:25 INFO  AutomationLog - ===== Starting Test: loginTest =====
2025-11-20 08:39:25 INFO  AutomationLog - Starting Sauce Labs Login Test
2025-11-20 08:39:25 INFO  AutomationLog - Entering username
2025-11-20 08:39:25 INFO  AutomationLog - Entering password
2025-11-20 08:39:26 INFO  AutomationLog - Clicking login button
2025-11-20 08:39:26 INFO  AutomationLog - Login successful
2025-11-20 08:39:26 INFO  AutomationLog - Browser closed
2025-11-20 08:39:26 INFO  AutomationLog - ===== Test Suite Finished =====
2025-12-21 12:36:04 INFO  AutomationLog - ===== Test Suite Started =====
2025-12-21 12:36:15 INFO  AutomationLog - Navigated to URL: https://www.saucedemo.com/
2025-12-21 12:36:15 INFO  AutomationLog - ===== Starting Test: loginTest =====
2025-12-21 12:36:15 INFO  AutomationLog - Starting Sauce Labs Login Test
2025-12-21 12:36:15 INFO  AutomationLog - Entering username
2025-12-21 12:36:17 INFO  AutomationLog - Entering password
2025-12-21 12:36:18 INFO  AutomationLog - Clicking login button
2025-12-21 12:36:22 INFO  AutomationLog - Login successful
2025-12-21 12:36:22 INFO  AutomationLog - Browser closed
2025-12-21 12:36:22 INFO  AutomationLog - ===== Test Suite Finished =====
2026-01-31 13:03:56 INFO  AutomationLog - ===== Test Suite Started =====
2026-01-31 13:04:06 INFO  AutomationLog - Navigated to URL: https://www.saucedemo.com/
2026-01-31 13:04:06 INFO  AutomationLog - ===== Starting Test: loginTest =====
2026-01-31 13:04:06 INFO  AutomationLog - Starting Sauce Labs Login Test
2026-01-31 13:04:06 INFO  AutomationLog - Entering username
2026-01-31 13:04:08 INFO  AutomationLog - Entering password
2026-01-31 13:04:09 INFO  AutomationLog - Clicking login button
2026-01-31 13:04:13 INFO  AutomationLog - Login successful
2026-01-31 13:04:13 INFO  AutomationLog - Browser closed
2026-01-31 13:04:13 INFO  AutomationLog - ===== Test Suite Finished =====
2026-03-14 13:21:22 INFO  AutomationLog - ===== Test Suite Started =====
2026-03-14 13:22:22 INFO  AutomationLog - Navigated to URL: https://www.saucedemo.com/
2026-03-14 13:22:22 INFO  AutomationLog - ===== Starting Test: loginTest =====
2026-03-14 13:22:22 INFO  AutomationLog - Starting Sauce Labs Login Test
2026-03-14 13:22:23 INFO  AutomationLog - Entering username
2026-03-14 13:22:25 INFO  AutomationLog - Entering password
2026-03-14 13:22:26 INFO  AutomationLog - Clicking login button
2026-03-14 13:22:31 INFO  AutomationLog - Login successful
2026-03-14 13:22:31 INFO  AutomationLog - ===== Starting Test: sampletest1 =====
2026-03-14 13:22:31 INFO  AutomationLog - Starting Sauce Labs Login Test
2026-03-14 13:22:31 INFO  AutomationLog - Browser closed
2026-03-14 13:22:31 INFO  AutomationLog - ===== Test Suite Finished =====
2026-03-28 11:25:37 INFO  AutomationLog - ===== Test Suite Started =====
2026-03-28 11:26:33 INFO  AutomationLog - Navigated to URL: https://www.saucedemo.com/
2026-03-28 11:26:33 INFO  AutomationLog - ===== Starting Test: loginTest =====
2026-03-28 11:26:33 INFO  AutomationLog - Starting Sauce Labs Login Test
2026-03-28 11:26:33 INFO  AutomationLog - Entering username
2026-03-28 11:26:35 INFO  AutomationLog - Entering password
2026-03-28 11:26:36 INFO  AutomationLog - Clicking login button
2026-03-28 11:26:40 INFO  AutomationLog - Login successful
2026-03-28 11:26:40 INFO  AutomationLog - ===== Starting Test: verifyAddToCartUpdatesCartBadge =====
2026-03-28 11:26:46 ERROR AutomationLog - Test failed: verifyAddToCartUpdatesCartBadge
2026-03-28 11:26:46 INFO  AutomationLog - ===== Starting Test: verifyDashboardUIElementsVisibility =====
2026-03-28 11:26:46 INFO  AutomationLog - ===== Starting Test: verifyLogoutloginissuccessful =====
2026-03-28 11:26:47 ERROR AutomationLog - Test failed: verifyLogoutloginissuccessful
2026-03-28 11:26:47 INFO  AutomationLog - ===== Starting Test: verifyProductsAreDisplayedOnDashboard =====
2026-03-28 11:26:52 INFO  AutomationLog - ===== Starting Test: verifyUserNavigatesToProductDetailsPage =====
2026-03-28 11:26:56 ERROR AutomationLog - Test failed: verifyUserNavigatesToProductDetailsPage
2026-03-28 11:27:02 INFO  AutomationLog - Browser closed
2026-03-28 11:27:02 INFO  AutomationLog - ===== Test Suite Finished =====
2026-03-28 11:30:39 INFO  AutomationLog - ===== Test Suite Started =====
2026-03-28 11:30:49 INFO  AutomationLog - Navigated to URL: https://www.saucedemo.com/
2026-03-28 11:30:49 INFO  AutomationLog - ===== Starting Test: loginTest =====
2026-03-28 11:30:49 INFO  AutomationLog - Starting Sauce Labs Login Test
2026-03-28 11:30:50 INFO  AutomationLog - Entering username
2026-03-28 11:30:51 INFO  AutomationLog - Entering password
2026-03-28 11:30:53 INFO  AutomationLog - Clicking login button
2026-03-28 11:30:56 INFO  AutomationLog - Login successful
2026-03-28 11:30:56 INFO  AutomationLog - ===== Starting Test: verifyAddToCartUpdatesCartBadge =====
2026-03-28 11:31:02 ERROR AutomationLog - Test failed: verifyAddToCartUpdatesCartBadge
2026-03-28 11:31:02 INFO  AutomationLog - ===== Starting Test: verifyDashboardUIElementsVisibility =====
2026-03-28 11:31:03 INFO  AutomationLog - ===== Starting Test: verifyLogoutloginissuccessful =====
2026-03-28 11:31:04 ERROR AutomationLog - Test failed: verifyLogoutloginissuccessful
2026-03-28 11:31:04 INFO  AutomationLog - ===== Starting Test: verifyProductsAreDisplayedOnDashboard =====
2026-03-28 11:31:09 INFO  AutomationLog - ===== Starting Test: verifyUserNavigatesToProductDetailsPage =====
2026-03-28 11:31:13 ERROR AutomationLog - Test failed: verifyUserNavigatesToProductDetailsPage
2026-03-28 11:31:18 INFO  AutomationLog - Browser closed
2026-03-28 11:31:19 INFO  AutomationLog - ===== Test Suite Finished =====
2026-03-28 11:33:28 INFO  AutomationLog - ===== Test Suite Started =====
2026-03-28 11:33:38 INFO  AutomationLog - Navigated to URL: https://www.saucedemo.com/
2026-03-28 11:33:38 INFO  AutomationLog - ===== Starting Test: loginTest =====
2026-03-28 11:33:38 INFO  AutomationLog - Starting Sauce Labs Login Test
2026-03-28 11:33:39 INFO  AutomationLog - Entering username
2026-03-28 11:33:41 INFO  AutomationLog - Entering password
2026-03-28 11:33:42 INFO  AutomationLog - Clicking login button
2026-03-28 11:33:46 INFO  AutomationLog - Login successful
2026-03-28 11:33:46 INFO  AutomationLog - ===== Starting Test: verifyAddToCartUpdatesCartBadge =====
2026-03-28 11:33:54 INFO  AutomationLog - ===== Starting Test: verifyDashboardUIElementsVisibility =====
2026-03-28 11:33:55 INFO  AutomationLog - ===== Starting Test: verifyLogoutloginissuccessful =====
2026-03-28 11:33:56 ERROR AutomationLog - Test failed: verifyLogoutloginissuccessful
2026-03-28 11:33:56 INFO  AutomationLog - ===== Starting Test: verifyProductsAreDisplayedOnDashboard =====
2026-03-28 11:34:01 INFO  AutomationLog - ===== Starting Test: verifyUserNavigatesToProductDetailsPage =====
2026-03-28 11:34:09 INFO  AutomationLog - Browser closed
2026-03-28 11:34:09 INFO  AutomationLog - ===== Test Suite Finished =====
2026-03-28 11:36:19 INFO  AutomationLog - ===== Test Suite Started =====
2026-03-28 11:36:29 INFO  AutomationLog - Navigated to URL: https://www.saucedemo.com/
2026-03-28 11:36:29 INFO  AutomationLog - ===== Starting Test: loginTest =====
2026-03-28 11:36:29 INFO  AutomationLog - Starting Sauce Labs Login Test
2026-03-28 11:36:30 INFO  AutomationLog - Entering username
2026-03-28 11:36:31 INFO  AutomationLog - Entering password
2026-03-28 11:36:33 INFO  AutomationLog - Clicking login button
2026-03-28 11:36:37 INFO  AutomationLog - Login successful
2026-03-28 11:36:37 INFO  AutomationLog - ===== Starting Test: verifyAddToCartUpdatesCartBadge =====
2026-03-28 11:36:46 INFO  AutomationLog - ===== Starting Test: verifyDashboardUIElementsVisibility =====
2026-03-28 11:36:46 INFO  AutomationLog - ===== Starting Test: verifyLogoutloginissuccessful =====
2026-03-28 11:36:52 INFO  AutomationLog - ===== Starting Test: verifyProductsAreDisplayedOnDashboard =====
2026-03-28 11:36:58 ERROR AutomationLog - Test failed: verifyProductsAreDisplayedOnDashboard
2026-03-28 11:36:58 INFO  AutomationLog - ===== Starting Test: verifyUserNavigatesToProductDetailsPage =====
2026-03-28 11:36:58 ERROR AutomationLog - Test failed: verifyUserNavigatesToProductDetailsPage
2026-03-28 11:36:58 INFO  AutomationLog - Browser closed
2026-03-28 11:36:59 INFO  AutomationLog - ===== Test Suite Finished =====
2026-03-28 11:37:45 INFO  AutomationLog - ===== Test Suite Started =====
2026-03-28 11:37:55 INFO  AutomationLog - Navigated to URL: https://www.saucedemo.com/
2026-03-28 11:37:55 INFO  AutomationLog - ===== Starting Test: loginTest =====
2026-03-28 11:37:55 INFO  AutomationLog - Starting Sauce Labs Login Test
2026-03-28 11:37:56 INFO  AutomationLog - Entering username
2026-03-28 11:37:57 INFO  AutomationLog - Entering password
2026-03-28 11:37:59 INFO  AutomationLog - Clicking login button
2026-03-28 11:38:02 INFO  AutomationLog - Login successful
2026-03-28 11:38:02 INFO  AutomationLog - ===== Starting Test: verifyProductsAreDisplayedOnDashboard =====
2026-03-28 11:38:07 INFO  AutomationLog - ===== Starting Test: verifyAddToCartUpdatesCartBadge =====
2026-03-28 11:38:16 INFO  AutomationLog - ===== Starting Test: verifyUserNavigatesToProductDetailsPage =====
2026-03-28 11:38:24 INFO  AutomationLog - ===== Starting Test: verifyDashboardUIElementsVisibility =====
2026-03-28 11:38:24 INFO  AutomationLog - ===== Starting Test: verifyLogoutloginissuccessful =====
2026-03-28 11:38:30 ERROR AutomationLog - Test failed: verifyLogoutloginissuccessful
2026-03-28 11:38:30 INFO  AutomationLog - Browser closed
2026-03-28 11:38:30 INFO  AutomationLog - ===== Test Suite Finished =====
2026-03-28 11:38:52 INFO  AutomationLog - ===== Test Suite Started =====
2026-03-28 11:39:03 INFO  AutomationLog - Navigated to URL: https://www.saucedemo.com/
2026-03-28 11:39:03 INFO  AutomationLog - ===== Starting Test: loginTest =====
2026-03-28 11:39:03 INFO  AutomationLog - Starting Sauce Labs Login Test
2026-03-28 11:39:03 INFO  AutomationLog - Entering username
2026-03-28 11:39:05 INFO  AutomationLog - Entering password
2026-03-28 11:39:06 INFO  AutomationLog - Clicking login button
2026-03-28 11:39:10 INFO  AutomationLog - Login successful
2026-03-28 11:39:10 INFO  AutomationLog - ===== Starting Test: verifyProductsAreDisplayedOnDashboard =====
2026-03-28 11:39:15 INFO  AutomationLog - ===== Starting Test: verifyAddToCartUpdatesCartBadge =====
2026-03-28 11:39:24 INFO  AutomationLog - ===== Starting Test: verifyUserNavigatesToProductDetailsPage =====
2026-03-28 11:39:32 INFO  AutomationLog - ===== Starting Test: verifyDashboardUIElementsVisibility =====
2026-03-28 11:39:32 INFO  AutomationLog - ===== Starting Test: verifyLogoutloginissuccessful =====
2026-03-28 11:39:39 INFO  AutomationLog - Browser closed
2026-03-28 11:39:39 INFO  AutomationLog - ===== Test Suite Finished =====
2026-03-28 12:19:37 INFO  AutomationLog - ===== Test Suite Started =====
2026-03-28 12:19:48 INFO  AutomationLog - Navigated to URL: https://www.saucedemo.com/
2026-03-28 12:19:48 INFO  AutomationLog - ===== Starting Test: loginTest =====
2026-03-28 12:19:48 INFO  AutomationLog - Starting Sauce Labs Login Test
2026-03-28 12:19:49 INFO  AutomationLog - Entering username
2026-03-28 12:19:51 INFO  AutomationLog - Entering password
2026-03-28 12:19:52 INFO  AutomationLog - Clicking login button
2026-03-28 12:19:56 INFO  AutomationLog - Login successful
2026-03-28 12:19:56 INFO  AutomationLog - ===== Starting Test: verifySortByPriceLowToHigh =====
2026-03-28 12:19:57 INFO  AutomationLog - Browser closed
2026-03-28 12:19:57 INFO  AutomationLog - ===== Test Suite Finished =====
2026-03-29 11:29:23 INFO  AutomationLog - ===== Test Suite Started =====
2026-03-29 11:29:35 INFO  AutomationLog - Navigated to URL: https://www.saucedemo.com/
2026-03-29 11:29:35 INFO  AutomationLog - ===== Starting Test: loginTest =====
2026-03-29 11:29:35 INFO  AutomationLog - Starting Sauce Labs Login Test
2026-03-29 11:29:35 INFO  AutomationLog - Entering username
2026-03-29 11:29:36 ERROR AutomationLog - Test failed: loginTest
2026-03-29 11:29:36 INFO  AutomationLog - ===== Starting Test: verifyProductsAreDisplayedOnDashboard =====
2026-03-29 11:29:41 ERROR AutomationLog - Test failed: verifyProductsAreDisplayedOnDashboard
2026-03-29 11:29:41 INFO  AutomationLog - ===== Starting Test: verifyAddToCartUpdatesCartBadge =====
2026-03-29 11:29:47 ERROR AutomationLog - Test failed: verifyAddToCartUpdatesCartBadge
2026-03-29 11:29:47 INFO  AutomationLog - ===== Starting Test: verifyUserNavigatesToProductDetailsPage =====
2026-03-29 11:29:47 ERROR AutomationLog - Test failed: verifyUserNavigatesToProductDetailsPage
2026-03-29 11:29:47 INFO  AutomationLog - ===== Starting Test: verifyDashboardUIElementsVisibility =====
2026-03-29 11:29:48 ERROR AutomationLog - Test failed: verifyDashboardUIElementsVisibility
2026-03-29 11:29:48 INFO  AutomationLog - ===== Starting Test: verifyLogoutloginissuccessful =====
2026-03-29 11:29:51 ERROR AutomationLog - Test failed: verifyLogoutloginissuccessful
2026-03-29 11:30:03 INFO  AutomationLog - Browser closed
2026-03-29 11:30:03 INFO  AutomationLog - ===== Test Suite Finished =====
2026-03-29 11:30:58 INFO  AutomationLog - ===== Test Suite Started =====
2026-03-29 11:31:09 INFO  AutomationLog - Navigated to URL: https://www.saucedemo.com/
2026-03-29 11:31:09 INFO  AutomationLog - ===== Starting Test: loginTest =====
2026-03-29 11:31:09 INFO  AutomationLog - Starting Sauce Labs Login Test
2026-03-29 11:31:09 INFO  AutomationLog - Entering username
2026-03-29 11:31:10 ERROR AutomationLog - Test failed: loginTest
2026-03-29 11:31:10 INFO  AutomationLog - ===== Starting Test: verifyProductsAreDisplayedOnDashboard =====
2026-03-29 11:31:15 ERROR AutomationLog - Test failed: verifyProductsAreDisplayedOnDashboard
2026-03-29 11:31:15 INFO  AutomationLog - ===== Starting Test: verifyAddToCartUpdatesCartBadge =====
2026-03-29 11:31:21 ERROR AutomationLog - Test failed: verifyAddToCartUpdatesCartBadge
2026-03-29 11:31:21 INFO  AutomationLog - ===== Starting Test: verifyUserNavigatesToProductDetailsPage =====
2026-03-29 11:31:21 ERROR AutomationLog - Test failed: verifyUserNavigatesToProductDetailsPage
2026-03-29 11:31:21 INFO  AutomationLog - ===== Starting Test: verifyDashboardUIElementsVisibility =====
2026-03-29 11:31:22 ERROR AutomationLog - Test failed: verifyDashboardUIElementsVisibility
2026-03-29 11:31:22 INFO  AutomationLog - ===== Starting Test: verifyLogoutloginissuccessful =====
2026-03-29 11:31:26 ERROR AutomationLog - Test failed: verifyLogoutloginissuccessful
2026-03-29 11:31:36 INFO  AutomationLog - Browser closed
2026-03-29 11:31:36 INFO  AutomationLog - ===== Test Suite Finished =====
2026-03-29 11:35:46 INFO  AutomationLog - ===== Test Suite Started =====
2026-03-29 11:35:56 INFO  AutomationLog - Navigated to URL: https://www.saucedemo.com/
2026-03-29 11:35:56 INFO  AutomationLog - ===== Starting Test: loginTest =====
2026-03-29 11:35:56 INFO  AutomationLog - Starting Sauce Labs Login Test
2026-03-29 11:35:57 INFO  AutomationLog - Entering username
2026-03-29 11:35:58 INFO  AutomationLog - Entering password
2026-03-29 11:36:00 INFO  AutomationLog - Clicking login button
2026-03-29 11:36:03 INFO  AutomationLog - Login successful
2026-03-29 11:36:03 INFO  AutomationLog - ===== Starting Test: verifyProductsAreDisplayedOnDashboard =====
2026-03-29 11:36:08 INFO  AutomationLog - ===== Starting Test: verifyAddToCartUpdatesCartBadge =====
2026-03-29 11:36:17 INFO  AutomationLog - ===== Starting Test: verifyUserNavigatesToProductDetailsPage =====
2026-03-29 11:36:24 INFO  AutomationLog - ===== Starting Test: verifyDashboardUIElementsVisibility =====
2026-03-29 11:36:26 INFO  AutomationLog - ===== Starting Test: verifyLogoutloginissuccessful =====
2026-03-29 11:36:35 INFO  AutomationLog - Browser closed
2026-03-29 11:36:35 INFO  AutomationLog - ===== Test Suite Finished =====
2026-04-15 00:52:49 INFO  AutomationLog - ===== Test Suite Started =====
2026-04-15 00:52:59 INFO  AutomationLog - Navigated to URL: https://www.saucedemo.com/
2026-04-15 00:52:59 INFO  AutomationLog - ===== Starting Test: loginTest =====
2026-04-15 00:52:59 INFO  AutomationLog - Starting Sauce Labs Login Test
2026-04-15 00:53:00 INFO  AutomationLog - Entering username
2026-04-15 00:53:01 INFO  AutomationLog - Entering password
2026-04-15 00:53:09 INFO  AutomationLog - Clicking login button
2026-04-15 00:53:11 INFO  AutomationLog - Login successful
2026-04-15 00:53:11 INFO  AutomationLog - ===== Starting Test: verifySortByPriceLowToHigh =====
2026-04-15 00:53:13 INFO  AutomationLog - Browser closed
2026-04-15 00:53:14 INFO  AutomationLog - ===== Test Suite Finished =====
2026-04-15 23:09:51 INFO  AutomationLog - ===== Test Suite Started =====
2026-04-15 23:10:07 INFO  AutomationLog - Navigated to URL: https://www.saucedemo.com/
2026-04-15 23:10:07 INFO  AutomationLog - ===== Starting Test: loginTest =====
2026-04-15 23:10:07 INFO  AutomationLog - Test Started: loginTest
2026-04-15 23:10:07 INFO  AutomationLog - Starting Sauce Labs Login Test
2026-04-15 23:10:07 INFO  AutomationLog - Entering username
2026-04-15 23:10:09 INFO  AutomationLog - Entering password
2026-04-15 23:10:10 INFO  AutomationLog - Clicking login button
2026-04-15 23:10:14 INFO  AutomationLog - Login successful
2026-04-15 23:10:14 INFO  AutomationLog - Test Passed: loginTest
2026-04-15 23:10:14 INFO  AutomationLog - ===== Starting Test: verifyProductsAreDisplayedOnDashboard =====
2026-04-15 23:10:14 INFO  AutomationLog - Test Started: verifyProductsAreDisplayedOnDashboard
2026-04-15 23:10:19 INFO  AutomationLog - Test Passed: verifyProductsAreDisplayedOnDashboard
2026-04-15 23:10:19 INFO  AutomationLog - ===== Starting Test: verifyAddToCartUpdatesCartBadge =====
2026-04-15 23:10:19 INFO  AutomationLog - Test Started: verifyAddToCartUpdatesCartBadge
2026-04-15 23:10:28 INFO  AutomationLog - Test Passed: verifyAddToCartUpdatesCartBadge
2026-04-15 23:10:28 INFO  AutomationLog - ===== Starting Test: verifyUserNavigatesToProductDetailsPage =====
2026-04-15 23:10:28 INFO  AutomationLog - Test Started: verifyUserNavigatesToProductDetailsPage
2026-04-15 23:10:35 INFO  AutomationLog - Test Passed: verifyUserNavigatesToProductDetailsPage
2026-04-15 23:10:35 INFO  AutomationLog - ===== Starting Test: verifyDashboardUIElementsVisibility =====
2026-04-15 23:10:35 INFO  AutomationLog - Test Started: verifyDashboardUIElementsVisibility
2026-04-15 23:10:36 INFO  AutomationLog - Test Passed: verifyDashboardUIElementsVisibility
2026-04-15 23:10:36 INFO  AutomationLog - ===== Starting Test: verifyLogoutloginissuccessful =====
2026-04-15 23:10:36 INFO  AutomationLog - Test Started: verifyLogoutloginissuccessful
2026-04-15 23:10:43 INFO  AutomationLog - Test Passed: verifyLogoutloginissuccessful
2026-04-15 23:10:43 INFO  AutomationLog - Browser closed
2026-04-15 23:10:43 INFO  AutomationLog - ===== Test Suite Finished =====
2026-04-16 08:09:58 INFO  AutomationLog - ===== Test Suite Started =====
2026-04-16 08:10:12 INFO  AutomationLog - Navigated to URL: https://www.saucedemo.com/
2026-04-16 08:10:12 INFO  AutomationLog - ===== Starting Test: loginTest =====
2026-04-16 08:10:12 INFO  AutomationLog - Test Started: loginTest
2026-04-16 08:10:13 INFO  AutomationLog - Entering username
2026-04-16 08:10:15 INFO  AutomationLog - Entering password
2026-04-16 08:10:17 INFO  AutomationLog - Clicking login button
2026-04-16 08:10:20 INFO  AutomationLog - Login successful
2026-04-16 08:10:20 INFO  AutomationLog - Test Passed: loginTest
2026-04-16 08:10:20 INFO  AutomationLog - ===== Starting Test: verifyProductsAreDisplayedOnDashboard =====
2026-04-16 08:10:20 INFO  AutomationLog - Test Started: verifyProductsAreDisplayedOnDashboard
2026-04-16 08:10:26 INFO  AutomationLog - Test Passed: verifyProductsAreDisplayedOnDashboard
2026-04-16 08:10:26 INFO  AutomationLog - ===== Starting Test: verifyAddToCartUpdatesCartBadge =====
2026-04-16 08:10:26 INFO  AutomationLog - Test Started: verifyAddToCartUpdatesCartBadge
2026-04-16 08:10:34 INFO  AutomationLog - Test Passed: verifyAddToCartUpdatesCartBadge
2026-04-16 08:10:34 INFO  AutomationLog - ===== Starting Test: verifyUserNavigatesToProductDetailsPage =====
2026-04-16 08:10:34 INFO  AutomationLog - Test Started: verifyUserNavigatesToProductDetailsPage
2026-04-16 08:10:42 INFO  AutomationLog - Test Passed: verifyUserNavigatesToProductDetailsPage
2026-04-16 08:10:42 INFO  AutomationLog - ===== Starting Test: verifyDashboardUIElementsVisibility =====
2026-04-16 08:10:42 INFO  AutomationLog - Test Started: verifyDashboardUIElementsVisibility
2026-04-16 08:10:42 INFO  AutomationLog - Test Passed: verifyDashboardUIElementsVisibility
2026-04-16 08:10:42 INFO  AutomationLog - ===== Starting Test: verifyLogoutloginissuccessful =====
2026-04-16 08:10:42 INFO  AutomationLog - Test Started: verifyLogoutloginissuccessful
2026-04-16 08:10:50 INFO  AutomationLog - Test Passed: verifyLogoutloginissuccessful
2026-04-16 08:11:10 INFO  AutomationLog - Browser closed
2026-04-16 08:11:10 INFO  AutomationLog - ===== Test Suite Finished =====
2026-04-29 08:29:48 INFO  AutomationLog - ===== Test Suite Started =====
2026-04-29 08:29:58 INFO  AutomationLog - Navigated to URL: https://www.saucedemo.com/
2026-04-29 08:29:58 INFO  AutomationLog - ===== Starting Test: loginTest =====
2026-04-29 08:29:58 INFO  AutomationLog - Test Started: loginTest
2026-04-29 08:29:59 INFO  AutomationLog - Entering username
2026-04-29 08:29:59 INFO  AutomationLog - Entering password
2026-04-29 08:29:59 INFO  AutomationLog - Clicking login button
2026-04-29 08:29:59 INFO  AutomationLog - Login successful
2026-04-29 08:29:59 INFO  AutomationLog - Test Passed: loginTest
2026-04-29 08:29:59 INFO  AutomationLog - ===== Starting Test: verifyProductsAreDisplayedOnDashboard =====
2026-04-29 08:29:59 INFO  AutomationLog - Test Started: verifyProductsAreDisplayedOnDashboard
2026-04-29 08:30:04 INFO  AutomationLog - Test Passed: verifyProductsAreDisplayedOnDashboard
2026-04-29 08:30:04 INFO  AutomationLog - ===== Starting Test: verifyAddToCartUpdatesCartBadge =====
2026-04-29 08:30:04 INFO  AutomationLog - Test Started: verifyAddToCartUpdatesCartBadge
2026-04-29 08:30:13 INFO  AutomationLog - Test Passed: verifyAddToCartUpdatesCartBadge
2026-04-29 08:30:13 INFO  AutomationLog - ===== Starting Test: verifyUserNavigatesToProductDetailsPage =====
2026-04-29 08:30:13 INFO  AutomationLog - Test Started: verifyUserNavigatesToProductDetailsPage
2026-04-29 08:30:19 INFO  AutomationLog - Test Passed: verifyUserNavigatesToProductDetailsPage
2026-04-29 08:30:19 INFO  AutomationLog - ===== Starting Test: verifyDashboardUIElementsVisibility =====
2026-04-29 08:30:19 INFO  AutomationLog - Test Started: verifyDashboardUIElementsVisibility
2026-04-29 08:30:19 INFO  AutomationLog - Test Passed: verifyDashboardUIElementsVisibility
2026-04-29 08:30:19 INFO  AutomationLog - ===== Starting Test: verifyLogoutloginissuccessful =====
2026-04-29 08:30:19 INFO  AutomationLog - Test Started: verifyLogoutloginissuccessful
2026-04-29 08:30:25 INFO  AutomationLog - Test Passed: verifyLogoutloginissuccessful
2026-04-29 08:30:33 INFO  AutomationLog - Browser closed
2026-04-29 08:30:33 INFO  AutomationLog - ===== Test Suite Finished =====
2026-05-08 23:37:34 INFO  AutomationLog - ===== Test Suite Started =====
2026-05-08 23:37:48 INFO  AutomationLog - Navigated to URL: https://www.saucedemo.com/
2026-05-08 23:37:48 INFO  AutomationLog - ===== Starting Test: loginTest =====
2026-05-08 23:37:48 INFO  AutomationLog - Starting Sauce Labs Login Test
2026-05-08 23:37:48 INFO  AutomationLog - Entering username
2026-05-08 23:37:50 INFO  AutomationLog - Entering password
2026-05-08 23:37:52 INFO  AutomationLog - Clicking login button
2026-05-08 23:37:56 INFO  AutomationLog - Login successful
2026-05-08 23:37:56 INFO  AutomationLog - ===== Starting Test: sampletest1 =====
2026-05-08 23:37:56 INFO  AutomationLog - Starting Sauce Labs Login Test
2026-05-08 23:37:56 INFO  AutomationLog - Browser closed
2026-05-08 23:37:56 INFO  AutomationLog - ===== Test Suite Finished =====
